<html>
<body>
<pre>
<h1>µVision Build Log</h1>
<h2>Tool Versions:</h2>
IDE-Version: µVision V5.36.0.0
Copyright (C) 2021 ARM Ltd and ARM Germany GmbH. All rights reserved.
License Information:  NA Na, NA, LIC=----
 
Tool Versions:
Toolchain:       MDK-Lite  Version: 5.36.0.0
Toolchain Path:  C:\Keil_v5\ARM\ARMCLANG\Bin
C Compiler:      ArmClang.exe V6.16
Assembler:       Armasm.exe V6.16
Linker/Locator:  ArmLink.exe V6.16
Library Manager: ArmAr.exe V6.16
Hex Converter:   FromElf.exe V6.16
CPU DLL:         SARMCM3.DLL V5.36.0.0
Dialog DLL:      DCM.DLL V1.17.3.0
Target DLL:      STLink\ST-LINKIII-KEIL_SWO.dll V3.0.9.0
Dialog DLL:      TCM.DLL V1.53.0.0
 
<h2>Project:</h2>
C:\Users\Profit77\Documents\STM32F4\Bat\Bat.uvprojx
Project File Date:  09/08/2024

<h2>Output:</h2>
*** Using Compiler 'V6.16', folder: 'C:\Keil_v5\ARM\ARMCLANG\Bin'
Build target 'Target 1'
main.c(2): warning: In file included from...
./Delay.h(8): warning: no newline at end of file [-Wnewline-eof]
#endif 
       ^
main.c(3): warning: In file included from...
./UART.h(11): warning: no newline at end of file [-Wnewline-eof]
#endif 
       ^
main.c(4): warning: In file included from...
./RingBuffer.h(22): warning: no newline at end of file [-Wnewline-eof]
#endif
      ^
main.c(9): warning: use of GNU old-style field designator extension [-Wgnu-designator]
  len: RINGBUF_SIZE,
  ^~~~
  .len = 
main.c(10): warning: use of GNU old-style field designator extension [-Wgnu-designator]
  buf: rb_buf,
  ^~~~
  .buf = 
main.c(11): warning: use of GNU old-style field designator extension [-Wgnu-designator]
  pos: 0,
  ^~~~
  .pos = 
main.c(12): warning: use of GNU old-style field designator extension [-Wgnu-designator]
  ext: 0
  ^~~~
  .ext = 
main.c(8): warning: no previous extern declaration for non-static variable 'rb' [-Wmissing-variable-declarations]
ringbuf rb = {
        ^
main.c(8): note: declare 'static' if the variable is not intended to be used outside of this translation unit
ringbuf rb = {
^
main.c(14): warning: no previous extern declaration for non-static variable 'newline' [-Wmissing-variable-declarations]
volatile int newline = 0;
             ^
main.c(14): note: declare 'static' if the variable is not intended to be used outside of this translation unit
volatile int newline = 0;
         ^
main.c(21): warning: implicit conversion loses integer precision: 'volatile uint32_t' (aka 'volatile unsigned int') to 'char' [-Wimplicit-int-conversion]
                char c = USART1->DR;
                     ~   ~~~~~~~~^~
main.c(22): warning: empty expression statement has no effect; remove unnecessary ';' to silence this warning [-Wextra-semi-stmt]
    ringbuf_write(rb, c);
                        ^
main.c(17): warning: no previous prototype for function 'USART1_IRQn_handler' [-Wmissing-prototypes]
void USART1_IRQn_handler(void) {
     ^
main.c(17): note: declare 'static' if the function is not intended to be used outside of this translation unit
void USART1_IRQn_handler(void) {
^
static 
main.c(44): warning: no newline at end of file [-Wnewline-eof]
}
 ^
main.c(7): warning: no previous extern declaration for non-static variable 'rb_buf' [-Wmissing-variable-declarations]
volatile char rb_buf[ RINGBUF_SIZE + 1 ];
              ^
main.c(7): note: declare 'static' if the variable is not intended to be used outside of this translation unit
volatile char rb_buf[ RINGBUF_SIZE + 1 ];
         ^
14 warnings generated.
compiling main.c...
UART.c(1): warning: In file included from...
./UART.h(11): warning: no newline at end of file [-Wnewline-eof]
#endif 
       ^
UART.c(52): warning: no newline at end of file [-Wnewline-eof]
}
 ^
2 warnings generated.
compiling UART.c...
linking...
Program Size: Code=1108 RO-data=436 RW-data=16 ZI-data=1768  
".\Objects\Bat.axf" - 0 Error(s), 16 Warning(s).

<h2>Software Packages used:</h2>

Package Vendor: ARM
                http://www.keil.com/pack/ARM.CMSIS.5.8.0.pack
                ARM.CMSIS.5.8.0
                CMSIS (Common Microcontroller Software Interface Standard)
   * Component: CORE Version: 5.5.0

Package Vendor: Keil
                http://www.keil.com/pack/Keil.STM32F4xx_DFP.2.15.0.pack
                Keil.STM32F4xx_DFP.2.15.0
                STMicroelectronics STM32F4 Series Device Support, Drivers and Examples
   * Component: Startup Version: 2.6.3

<h2>Collection of Component include folders:</h2>
  .\RTE\_Target_1
  C:\Users\Profit77\AppData\Local\Arm\Packs\ARM\CMSIS\5.8.0\CMSIS\Core\Include
  C:\Users\Profit77\AppData\Local\Arm\Packs\Keil\STM32F4xx_DFP\2.15.0\Drivers\CMSIS\Device\ST\STM32F4xx\Include

<h2>Collection of Component Files used:</h2>

   * Component: ARM::CMSIS:CORE:5.5.0

   * Component: Keil::Device:Startup:2.6.3
      Source file:   MDK\Device\Source\ARM\STM32F4xx_OTP.s
      Source file:   MDK\Device\Source\ARM\STM32F401xx_OPT.s
      Source file:   Drivers\CMSIS\Device\ST\STM32F4xx\Source\Templates\arm\startup_stm32f401xc.s
      Include file:  Drivers\CMSIS\Device\ST\STM32F4xx\Include\stm32f4xx.h
      Source file:   Drivers\CMSIS\Device\ST\STM32F4xx\Source\Templates\system_stm32f4xx.c
Build Time Elapsed:  00:00:00
</pre>
</body>
</html>
